#-----------------------------------------------------------
# Vivado v2019.1 (64-bit)
# SW Build 2552052 on Fri May 24 14:49:42 MDT 2019
# IP Build 2548770 on Fri May 24 18:01:18 MDT 2019
# Start of session at: Mon Dec  2 19:58:24 2019
# Process ID: 11980
# Current directory: C:/Users/Admin/Desktop/Working/EE2301-Intro-to-Logic-Desgins/Lab6-16BitMultiplier.xpr/Lab6-16BitMultiplier
# Command line: vivado.exe -gui_launcher_event rodinguilauncherevent9412 C:\Users\Admin\Desktop\Working\EE2301-Intro-to-Logic-Desgins\Lab6-16BitMultiplier.xpr\Lab6-16BitMultiplier\Lab6-16BitMultiplier.xpr
# Log file: C:/Users/Admin/Desktop/Working/EE2301-Intro-to-Logic-Desgins/Lab6-16BitMultiplier.xpr/Lab6-16BitMultiplier/vivado.log
# Journal file: C:/Users/Admin/Desktop/Working/EE2301-Intro-to-Logic-Desgins/Lab6-16BitMultiplier.xpr/Lab6-16BitMultiplier\vivado.jou
#-----------------------------------------------------------
start_gui
open_project C:/Users/Admin/Desktop/Working/EE2301-Intro-to-Logic-Desgins/Lab6-16BitMultiplier.xpr/Lab6-16BitMultiplier/Lab6-16BitMultiplier.xpr
update_compile_order -fileset sources_1
synth_design -rtl -name rtl_1
launch_simulation
launch_simulation
source sim_MULTIPLIER_16.tcl
relaunch_sim
close_sim
launch_simulation
source sim_MULTIPLIER_16.tcl
report_drc -name drc_1 -ruledecks {default}
close_design
open_run impl_1
close_sim
