#-----------------------------------------------------------
# Vivado v2019.1 (64-bit)
# SW Build 2552052 on Fri May 24 14:49:42 MDT 2019
# IP Build 2548770 on Fri May 24 18:01:18 MDT 2019
# Start of session at: Fri Oct 18 15:37:17 2019
# Process ID: 2664
# Current directory: C:/Users/tran0966/Desktop
# Command line: vivado.exe -gui_launcher_event rodinguilauncherevent13872
# Log file: C:/Users/tran0966/Desktop/vivado.log
# Journal file: C:/Users/tran0966/Desktop\vivado.jou
#-----------------------------------------------------------
start_gui
open_project C:/Users/tran0966/Lab3_Implement4WayStoplightControllerOnHardware/Lab3_Implement4WayStoplightControllerOnHardware.xpr
reset_run synth_1
launch_runs synth_1 -jobs 6
wait_on_run synth_1
launch_runs impl_1 -jobs 12
wait_on_run impl_1
open_run synth_1 -name synth_1
set_property IOSTANDARD LVCMOS33 [get_ports [list {C[3]} {C[2]} {C[1]} {C[0]}]]
place_ports {C[0]} U16
place_ports {C[1]} E18
place_ports {C[1]} E19
place_ports {C[2]} U19
place_ports {C[3]} V19
place_ports CLK V17
set_property target_constrs_file C:/Users/tran0966/Lab3_Implement4WayStoplightControllerOnHardware/Lab3_Implement4WayStoplightControllerOnHardware.srcs/constrs_1/new/Basys_3_master.xdc [current_fileset -constrset]
save_constraints -force
reset_run synth_1
launch_runs synth_1 -jobs 12
wait_on_run synth_1
launch_runs impl_1 -jobs 12
wait_on_run impl_1
reset_run synth_1
launch_runs synth_1 -jobs 12
wait_on_run synth_1
close [ open C:/Users/tran0966/Lab3_Implement4WayStoplightControllerOnHardware/Lab3_Implement4WayStoplightControllerOnHardware.srcs/sources_1/new/GreenLight.v w ]
add_files C:/Users/tran0966/Lab3_Implement4WayStoplightControllerOnHardware/Lab3_Implement4WayStoplightControllerOnHardware.srcs/sources_1/new/GreenLight.v
close [ open C:/Users/tran0966/Lab3_Implement4WayStoplightControllerOnHardware/Lab3_Implement4WayStoplightControllerOnHardware.srcs/sources_1/new/RedLight.v w ]
add_files C:/Users/tran0966/Lab3_Implement4WayStoplightControllerOnHardware/Lab3_Implement4WayStoplightControllerOnHardware.srcs/sources_1/new/RedLight.v
close [ open C:/Users/tran0966/Lab3_Implement4WayStoplightControllerOnHardware/Lab3_Implement4WayStoplightControllerOnHardware.srcs/sources_1/new/YelloLight.v w ]
add_files C:/Users/tran0966/Lab3_Implement4WayStoplightControllerOnHardware/Lab3_Implement4WayStoplightControllerOnHardware.srcs/sources_1/new/YelloLight.v
set_property used_in_simulation false [get_files  {C:/Users/tran0966/Lab3_Implement4WayStoplightControllerOnHardware/Lab3_Implement4WayStoplightControllerOnHardware.srcs/sources_1/new/GreenLight.v C:/Users/tran0966/Lab3_Implement4WayStoplightControllerOnHardware/Lab3_Implement4WayStoplightControllerOnHardware.srcs/sources_1/new/RedLight.v C:/Users/tran0966/Lab3_Implement4WayStoplightControllerOnHardware/Lab3_Implement4WayStoplightControllerOnHardware.srcs/sources_1/new/YelloLight.v}]
reset_run synth_1
launch_runs synth_1 -jobs 12
wait_on_run synth_1
close [ open C:/Users/tran0966/Lab3_Implement4WayStoplightControllerOnHardware/Lab3_Implement4WayStoplightControllerOnHardware.srcs/sources_1/new/StopLight4Way.v w ]
add_files C:/Users/tran0966/Lab3_Implement4WayStoplightControllerOnHardware/Lab3_Implement4WayStoplightControllerOnHardware.srcs/sources_1/new/StopLight4Way.v
# Disabling source management mode.  This is to allow the top design properties to be set without GUI intervention.
set_property source_mgmt_mode None [current_project]
set_property top StopLight4Way [current_fileset]
# Re-enabling previously disabled source management mode.
set_property source_mgmt_mode DisplayOnly [current_project]
set_property used_in_simulation false [get_files  C:/Users/tran0966/Lab3_Implement4WayStoplightControllerOnHardware/Lab3_Implement4WayStoplightControllerOnHardware.srcs/sources_1/new/StopLight4Way.v]
reset_run synth_1
launch_runs synth_1 -jobs 12
wait_on_run synth_1
set_property is_enabled false [get_files  C:/Users/tran0966/Lab3_Implement4WayStoplightControllerOnHardware/Lab3_Implement4WayStoplightControllerOnHardware.srcs/sources_1/new/BinaryCounter_4.v]
reset_run synth_1
launch_runs synth_1 -jobs 12
wait_on_run synth_1
reset_run synth_1
launch_runs synth_1 -jobs 12
wait_on_run synth_1
reset_run synth_1
launch_runs synth_1 -jobs 12
wait_on_run synth_1
launch_runs impl_1 -jobs 12
wait_on_run impl_1
refresh_design
close_design
open_run impl_1
launch_runs impl_1 -to_step write_bitstream -jobs 12
wait_on_run impl_1
open_hw
connect_hw_server
open_hw_target
current_hw_device [get_hw_devices xc7a35t_0]
refresh_hw_device -update_hw_probes false [lindex [get_hw_devices xc7a35t_0] 0]
set_property PROBES.FILE {} [get_hw_devices xc7a35t_0]
set_property FULL_PROBES.FILE {} [get_hw_devices xc7a35t_0]
set_property PROGRAM.FILE {C:/Users/tran0966/Lab3_Implement4WayStoplightControllerOnHardware/Lab3_Implement4WayStoplightControllerOnHardware.runs/impl_1/StopLight4Way.bit} [get_hw_devices xc7a35t_0]
program_hw_devices [get_hw_devices xc7a35t_0]
refresh_hw_device [lindex [get_hw_devices xc7a35t_0] 0]
reset_run synth_1
launch_runs synth_1 -jobs 12
wait_on_run synth_1
launch_runs impl_1 -jobs 12
wait_on_run impl_1
launch_runs impl_1 -to_step write_bitstream -jobs 12
wait_on_run impl_1
set_property PROBES.FILE {} [get_hw_devices xc7a35t_0]
set_property FULL_PROBES.FILE {} [get_hw_devices xc7a35t_0]
set_property PROGRAM.FILE {C:/Users/tran0966/Lab3_Implement4WayStoplightControllerOnHardware/Lab3_Implement4WayStoplightControllerOnHardware.runs/impl_1/StopLight4Way.bit} [get_hw_devices xc7a35t_0]
program_hw_devices [get_hw_devices xc7a35t_0]
refresh_hw_device [lindex [get_hw_devices xc7a35t_0] 0]
refresh_hw_device [lindex [get_hw_devices xc7a35t_0] 0]
set_property PROBES.FILE {} [get_hw_devices xc7a35t_0]
set_property FULL_PROBES.FILE {} [get_hw_devices xc7a35t_0]
set_property PROGRAM.FILE {C:/Users/tran0966/Lab3_Implement4WayStoplightControllerOnHardware/Lab3_Implement4WayStoplightControllerOnHardware.runs/impl_1/StopLight4Way.bit} [get_hw_devices xc7a35t_0]
program_hw_devices [get_hw_devices xc7a35t_0]
refresh_hw_device [lindex [get_hw_devices xc7a35t_0] 0]
disconnect_hw_server localhost:3121
reset_run synth_1
launch_runs synth_1 -jobs 12
wait_on_run synth_1
launch_runs impl_1 -jobs 12
wait_on_run impl_1
launch_runs impl_1 -to_step write_bitstream -jobs 12
wait_on_run impl_1
connect_hw_server
open_hw_target
set_property PROGRAM.FILE {C:/Users/tran0966/Lab3_Implement4WayStoplightControllerOnHardware/Lab3_Implement4WayStoplightControllerOnHardware.runs/impl_1/StopLight4Way.bit} [get_hw_devices xc7a35t_0]
current_hw_device [get_hw_devices xc7a35t_0]
refresh_hw_device -update_hw_probes false [lindex [get_hw_devices xc7a35t_0] 0]
set_property PROBES.FILE {} [get_hw_devices xc7a35t_0]
set_property FULL_PROBES.FILE {} [get_hw_devices xc7a35t_0]
set_property PROGRAM.FILE {C:/Users/tran0966/Lab3_Implement4WayStoplightControllerOnHardware/Lab3_Implement4WayStoplightControllerOnHardware.runs/impl_1/StopLight4Way.bit} [get_hw_devices xc7a35t_0]
program_hw_devices [get_hw_devices xc7a35t_0]
refresh_hw_device [lindex [get_hw_devices xc7a35t_0] 0]
set_property is_enabled true [get_files  C:/Users/tran0966/Lab3_Implement4WayStoplightControllerOnHardware/Lab3_Implement4WayStoplightControllerOnHardware.srcs/sources_1/new/BinaryCounter_4.v]
reset_run synth_1
launch_runs synth_1 -jobs 12
wait_on_run synth_1
reset_run synth_1
set_property is_enabled false [get_files  C:/Users/tran0966/Lab3_Implement4WayStoplightControllerOnHardware/Lab3_Implement4WayStoplightControllerOnHardware.srcs/sources_1/new/StopLight4Way.v]
set_property is_enabled false [get_files  {C:/Users/tran0966/Lab3_Implement4WayStoplightControllerOnHardware/Lab3_Implement4WayStoplightControllerOnHardware.srcs/sources_1/new/GreenLight.v C:/Users/tran0966/Lab3_Implement4WayStoplightControllerOnHardware/Lab3_Implement4WayStoplightControllerOnHardware.srcs/sources_1/new/RedLight.v C:/Users/tran0966/Lab3_Implement4WayStoplightControllerOnHardware/Lab3_Implement4WayStoplightControllerOnHardware.srcs/sources_1/new/YelloLight.v}]
launch_runs synth_1 -jobs 12
wait_on_run synth_1
# Disabling source management mode.  This is to allow the top design properties to be set without GUI intervention.
set_property source_mgmt_mode None [current_project]
set_property top BinaryCounter_4 [current_fileset]
# Re-enabling previously disabled source management mode.
set_property source_mgmt_mode DisplayOnly [current_project]
set_property is_enabled true [get_files  {C:/Users/tran0966/Lab3_Implement4WayStoplightControllerOnHardware/Lab3_Implement4WayStoplightControllerOnHardware.srcs/sources_1/new/GreenLight.v C:/Users/tran0966/Lab3_Implement4WayStoplightControllerOnHardware/Lab3_Implement4WayStoplightControllerOnHardware.srcs/sources_1/new/RedLight.v C:/Users/tran0966/Lab3_Implement4WayStoplightControllerOnHardware/Lab3_Implement4WayStoplightControllerOnHardware.srcs/sources_1/new/StopLight4Way.v C:/Users/tran0966/Lab3_Implement4WayStoplightControllerOnHardware/Lab3_Implement4WayStoplightControllerOnHardware.srcs/sources_1/new/YelloLight.v}]
reset_run synth_1
launch_runs synth_1 -jobs 12
wait_on_run synth_1
launch_runs impl_1 -jobs 12
wait_on_run impl_1
set_property is_enabled false [get_files  C:/Users/tran0966/Lab3_Implement4WayStoplightControllerOnHardware/Lab3_Implement4WayStoplightControllerOnHardware.srcs/sources_1/new/BinaryCounter_4.v]
set_property is_enabled false [get_files  C:/Users/tran0966/Lab3_Implement4WayStoplightControllerOnHardware/Lab3_Implement4WayStoplightControllerOnHardware.srcs/sources_1/new/DFF.v]
disconnect_hw_server localhost:3121
connect_hw_server
disconnect_hw_server localhost:3121
connect_hw_server
open_hw_target
current_hw_device [get_hw_devices xc7a35t_0]
refresh_hw_device -update_hw_probes false [lindex [get_hw_devices xc7a35t_0] 0]
reset_run synth_1
launch_runs impl_1 -to_step write_bitstream -jobs 12
wait_on_run impl_1
# Disabling source management mode.  This is to allow the top design properties to be set without GUI intervention.
set_property source_mgmt_mode None [current_project]
set_property top StopLight4Way [current_fileset]
# Re-enabling previously disabled source management mode.
set_property source_mgmt_mode DisplayOnly [current_project]
reset_run synth_1
launch_runs synth_1 -jobs 12
wait_on_run synth_1
launch_runs impl_1 -to_step write_bitstream -jobs 12
wait_on_run impl_1
set_property PROBES.FILE {} [get_hw_devices xc7a35t_0]
set_property FULL_PROBES.FILE {} [get_hw_devices xc7a35t_0]
set_property PROGRAM.FILE {C:/Users/tran0966/Lab3_Implement4WayStoplightControllerOnHardware/Lab3_Implement4WayStoplightControllerOnHardware.runs/impl_1/StopLight4Way.bit} [get_hw_devices xc7a35t_0]
program_hw_devices [get_hw_devices xc7a35t_0]
refresh_hw_device [lindex [get_hw_devices xc7a35t_0] 0]
update_files -from_files C:/Users/tran0966/Lab3_Implement4WayStoplightControllerOnHardware/Lab3_Implement4WayStoplightControllerOnHardware.srcs/constrs_1/new/Basys_3_master_SwitchesImplementation.xdc -to_files C:/Users/tran0966/Lab3_Implement4WayStoplightControllerOnHardware/Lab3_Implement4WayStoplightControllerOnHardware.srcs/constrs_1/new/Basys_3_master.xdc -filesets [get_filesets *]
set_property target_constrs_file C:/Users/tran0966/Lab3_Implement4WayStoplightControllerOnHardware/Lab3_Implement4WayStoplightControllerOnHardware.srcs/constrs_1/new/Basys_3_master_SwitchesImplementation.xdc [current_fileset -constrset]
add_files -fileset constrs_1 -norecurse C:/Users/tran0966/Lab3_Implement4WayStoplightControllerOnHardware/Lab3_Implement4WayStoplightControllerOnHardware.srcs/constrs_1/new/Basys_3_master_Basys3Implementation.xdc
set_property target_constrs_file C:/Users/tran0966/Lab3_Implement4WayStoplightControllerOnHardware/Lab3_Implement4WayStoplightControllerOnHardware.srcs/constrs_1/new/Basys_3_master_Basys3Implementation.xdc [current_fileset -constrset]
reset_run synth_1
launch_runs synth_1 -jobs 12
wait_on_run synth_1
launch_runs impl_1 -to_step write_bitstream -jobs 12
wait_on_run impl_1
set_property PROBES.FILE {} [get_hw_devices xc7a35t_0]
set_property FULL_PROBES.FILE {} [get_hw_devices xc7a35t_0]
set_property PROGRAM.FILE {C:/Users/tran0966/Lab3_Implement4WayStoplightControllerOnHardware/Lab3_Implement4WayStoplightControllerOnHardware.runs/impl_1/StopLight4Way.bit} [get_hw_devices xc7a35t_0]
program_hw_devices [get_hw_devices xc7a35t_0]
refresh_hw_device [lindex [get_hw_devices xc7a35t_0] 0]
close_hw_target {localhost:3121/xilinx_tcf/Digilent/210183AA6052A}
open_hw_target {localhost:3121/xilinx_tcf/Digilent/210183713658A}
set_property PROGRAM.FILE {C:/Users/tran0966/Lab3_Implement4WayStoplightControllerOnHardware/Lab3_Implement4WayStoplightControllerOnHardware.runs/impl_1/StopLight4Way.bit} [get_hw_devices xc7a35t_0_1]
current_hw_device [get_hw_devices xc7a35t_0_1]
refresh_hw_device -update_hw_probes false [lindex [get_hw_devices xc7a35t_0_1] 0]
set_property PROBES.FILE {} [get_hw_devices xc7a35t_0_1]
set_property FULL_PROBES.FILE {} [get_hw_devices xc7a35t_0_1]
set_property PROGRAM.FILE {C:/Users/tran0966/Downloads/DigitalControllerTop.bit} [get_hw_devices xc7a35t_0_1]
program_hw_devices [get_hw_devices xc7a35t_0_1]
refresh_hw_device [lindex [get_hw_devices xc7a35t_0_1] 0]
close_hw
close_project
open_project C:/Users/tran0966/Lab3_Implement4WayStoplightControllerOnHardware/Lab3_Implement4WayStoplightControllerOnHardware.xpr
archive_project C:/Users/tran0966/Lab3_Implement4WayStoplightControllerOnHardware.xpr.zip -temp_dir C:/Users/tran0966/Desktop/.Xil/Vivado-2664-ECE-LAB103 -force -include_local_ip_cache -include_config_settings
